============================= test session starts =============================
platform win32 -- Python 3.13.9, pytest-9.0.2, pluggy-1.5.0
rootdir: C:\calcul\backend
plugins: anyio-4.12.0
collected 14 items

app\tests\unit\test_weekly_holiday_pay_calculator.py ..F..F......F.      [100%]

================================== FAILURES ===================================
____________ TestWeeklyHolidayPayPartTime.test_part_time_24_hours _____________
app\tests\unit\test_weekly_holiday_pay_calculator.py:67: in test_part_time_24_hours
    assert result.is_proportional
E   AssertionError: assert False
E    +  where False = WeeklyHolidayPayResult(weekly_holiday_pay=Money(amount=Decimal('0'), currency='KRW'), weekly_hours=WorkingHours(hours=25, minutes=50), hourly_wage=Money(amount=Decimal('10000'), currency='KRW'), is_proportional=False).is_proportional
___________ TestWeeklyHolidayPayMinimum.test_exactly_minimum_hours ____________
app\tests\unit\test_weekly_holiday_pay_calculator.py:126: in test_exactly_minimum_hours
    assert not result.weekly_holiday_pay.is_zero()
E   AssertionError: assert not True
E    +  where True = is_zero()
E    +    where is_zero = Money(amount=Decimal('0'), currency='KRW').is_zero
E    +      where Money(amount=Decimal('0'), currency='KRW') = WeeklyHolidayPayResult(weekly_holiday_pay=Money(amount=Decimal('0'), currency='KRW'), weekly_hours=WorkingHours(hours=16, minutes=9), hourly_wage=Money(amount=Decimal('10000'), currency='KRW'), is_proportional=False).weekly_holiday_pay
_________ TestWeeklyHolidayPayResultMethods.test_to_dict_proportional _________
app\tests\unit\test_weekly_holiday_pay_calculator.py:208: in test_to_dict_proportional
    assert result_dict["is_proportional"] is True
E   assert False is True
=========================== short test summary info ===========================
FAILED app/tests/unit/test_weekly_holiday_pay_calculator.py::TestWeeklyHolidayPayPartTime::test_part_time_24_hours
FAILED app/tests/unit/test_weekly_holiday_pay_calculator.py::TestWeeklyHolidayPayMinimum::test_exactly_minimum_hours
FAILED app/tests/unit/test_weekly_holiday_pay_calculator.py::TestWeeklyHolidayPayResultMethods::test_to_dict_proportional
======================== 3 failed, 11 passed in 0.07s =========================
